   ▲ Next.js 15.5.9

   Creating an optimized production build ...
